Microchip MPLAB XC8 Compiler V2.31

Linker command line:

-W-3 --edf=C:\Program Files\Microchip\xc8\v2.31\pic\dat\en_msgs.txt -cn \
  -h+dist/default/production\Proyecto.X.production.sym \
  --cmf=dist/default/production\Proyecto.X.production.cmf -z -Q16F887 \
  -oC:\Users\brand\AppData\Local\Temp\sdco.2 --defsym=__MPLAB_BUILD=1 \
  -Mdist/default/production/Proyecto.X.production.map -E1 -ver=XC8 Compiler \
  --acfsm=1493 -ASTACK=0110h-016Fh -pstack=STACK -ACODE=00h-07FFhx4 \
  -ASTRCODE=00h-01FFFh -ASTRING=00h-0FFhx32 -ACONST=00h-0FFhx32 \
  -AENTRY=00h-0FFhx32 -ACOMMON=070h-07Fh -ABANK0=020h-06Fh \
  -ABANK1=0A0h-0EFh -ABANK2=0110h-016Fh -ABANK3=0190h-01EFh \
  -ARAM=020h-06Fh,0A0h-0EFh,0110h-016Fh,0190h-01EFh \
  -AABS1=020h-07Fh,0A0h-0EFh,0110h-016Fh,0190h-01EFh -ASFR0=00h-01Fh \
  -ASFR1=080h-09Fh -ASFR2=0100h-010Fh -ASFR3=0180h-018Fh \
  -ACONFIG=02007h-02008h -DCONFIG=2 -AIDLOC=02000h-02003h -DIDLOC=2 \
  -AEEDATA=00h-0FFh/02100h -peeprom_data=EEDATA -DEEDATA=2 -DCODE=2 \
  -DSTRCODE=2 -DSTRING=2 -DCONST=2 -DENTRY=2 \
  -preset_vec=00h,intentry=04h,init,end_init -ppowerup=CODE -pcinit=CODE \
  -pfunctab=ENTRY -k C:\Users\brand\AppData\Local\Temp\sdco.o \
  dist/default/production\Proyecto.X.production.o 

Object code version is 3.11

Machine type is 16F887



                Name                               Link     Load   Length Selector   Space Scale
C:\Users\brand\AppData\Local\Temp\sdco.o
                end_init                              C        C        3        8       0
                reset_vec                             0        0        3        0       0
                config                             2007     2007        2        0       4
dist/default/production\Proyecto.X.production.o
                cinit                                 F        F       2A        8       0
                intentry                              4        4        8        8       0
                config                             2007     2007        2        0       4
                text10                              4C5      4C5       87      98A       0
                text9                               54C      54C       82      98A       0
                text8                               6DE      6DE       11      98A       0
                text7                               5CE      5CE       69      98A       0
                text6                               6FE      6FE        6      98A       0
                text5                               6F7      6F7        7      98A       0
                text4                               6C9      6C9       15      98A       0
                text3                               68C      68C       24      98A       0
                text2                               637      637       55      98A       0
                text1                               6B0      6B0       19      98A       0
                maintext                             39       39      288        8       0
                cstackBANK0                          30       30        D       20       1
                cstackCOMMON                         70       70        7       70       1
                clrtext                             6EF      6EF        8      98A       0
                dataBANK0                            3D       3D        4       20       1
                bssBANK0                             20       20       10       20       1
                bssCOMMON                            77       77        5       70       1
                stringtext                          300      300      1C5        6       0
                idataBANK0                          704      704        4      98A       0

TOTAL           Name                               Link     Load   Length     Space
        CLASS   STACK          

        CLASS   CODE           
                end_init                              C        C        3         0
                cinit                                 F        F       2A         0
                intentry                              4        4        8         0
                reset_vec                             0        0        3         0
                text10                              4C5      4C5       87         0
                text9                               54C      54C       82         0
                text8                               6DE      6DE       11         0
                text7                               5CE      5CE       69         0
                text6                               6FE      6FE        6         0
                text5                               6F7      6F7        7         0
                text4                               6C9      6C9       15         0
                text3                               68C      68C       24         0
                text2                               637      637       55         0
                text1                               6B0      6B0       19         0
                maintext                             39       39      288         0
                clrtext                             6EF      6EF        8         0
                idataBANK0                          704      704        4         0

        CLASS   STRCODE        
                stringtext                          300      300      1C5         0

        CLASS   STRING         

        CLASS   CONST          

        CLASS   ENTRY          

        CLASS   COMMON         
                cstackCOMMON                         70       70        7         1
                bssCOMMON                            77       77        5         1

        CLASS   BANK0          
                cstackBANK0                          30       30        D         1
                dataBANK0                            3D       3D        4         1
                bssBANK0                             20       20       10         1

        CLASS   BANK1          

        CLASS   BANK2          

        CLASS   BANK3          

        CLASS   RAM            

        CLASS   ABS1           
                abs_s1                               7E       7E        2         1

        CLASS   SFR0           

        CLASS   SFR1           

        CLASS   SFR2           

        CLASS   SFR3           

        CLASS   CONFIG         
                config                             2007     2007        2         4

        CLASS   IDLOC          

        CLASS   EEDATA         



SEGMENTS        Name                           Load    Length   Top    Selector   Space  Class     Delta

                reset_vec                      000000  000003  000003         0       0  CODE        2
                intentry                       000004  0002BD  0002C1         8       0  CODE        2
                bssBANK0                       000020  000021  000041        20       1  BANK0       1
                cstackCOMMON                   000070  00000C  00007C        70       1  COMMON      1
                stringtext                     000300  0001C5  0004C5         6       0  STRCODE     2
                text10                         0004C5  000243  000708       98A       0  CODE        2


UNUSED ADDRESS RANGES

        Name                Unused          Largest block    Delta
        BANK0            0041-006F             2F           1
        BANK1            00A0-00EF             50           1
        BANK2            0110-016F             60           1
        BANK3            0190-01EF             60           1
        CODE             0003-0003              1           2
                         02C1-02FF             3F
                         0708-1FFF            800
        COMMON           007C-007D              2           1
        CONST            0003-0003              1           2
                         02C1-02FF             3F
                         0708-1FFF            100
        EEDATA           2100-21FF            100           2
        ENTRY            0003-0003              1           2
                         02C1-02FF             3F
                         0708-1FFF            100
        IDLOC            2000-2003              4           2
        RAM              0041-006F             2F           1
                         00A0-00EF             50
                         0110-016F             60
                         0190-01EF             60
        SFR0             0000-001F             20           1
        SFR1             0080-009F             20           1
        SFR2             0100-010F             10           1
        SFR3             0180-018F             10           1
        STACK            0110-016F             60           1
        STRCODE          0003-0003              1           2
                         02C1-02FF             3F
                         0708-1FFF           18F8
        STRING           0003-0003              1           2
                         02C1-02FF             3F
                         0708-1FFF            100

                                  Symbol Table

?_strlen                    cstackBANK0  0030
_ADCON0bits                 (abs)        001F
_ADCON1bits                 (abs)        009F
_ADRESH                     (abs)        001E
_ADRESL                     (abs)        009E
_ANSEL                      (abs)        0188
_ANSELH                     (abs)        0189
_BAUDCTLbits                (abs)        0187
_CCP1CONbits                (abs)        0017
_CCP2CONbits                (abs)        001D
_CCPR1L                     (abs)        0015
_CCPR2L                     (abs)        001B
_EEADR                      (abs)        010D
_EECON1bits                 (abs)        018C
_EECON2                     (abs)        018D
_EEDAT                      (abs)        010C
_INTCONbits                 (abs)        000B
_IOCB                       (abs)        0096
_IOCB_interrupt             text10       04C5
_OPTION_REGbits             (abs)        0081
_OSCCONbits                 (abs)        008F
_PIE1bits                   (abs)        008C
_PIR1bits                   (abs)        000C
_PORTA                      (abs)        0005
_PORTAbits                  (abs)        0005
_PORTB                      (abs)        0006
_PORTBbits                  (abs)        0006
_PORTC                      (abs)        0007
_PORTD                      (abs)        0008
_PORTDbits                  (abs)        0008
_PORTE                      (abs)        0009
_PR2                        (abs)        0092
_RB3_old                    bssBANK0     002D
_RCREG                      (abs)        001A
_RCSTAbits                  (abs)        0018
_SPBRG                      (abs)        0099
_SPBRGH                     (abs)        009A
_T2CONbits                  (abs)        0012
_TRISA                      (abs)        0085
_TRISB                      (abs)        0086
_TRISC                      (abs)        0087
_TRISD                      (abs)        0088
_TRISE                      (abs)        0089
_TXREG                      (abs)        0019
_TXSTAbits                  (abs)        0098
_WPUB                       (abs)        0095
__Habs1                     abs1         0000
__Hbank0                    bank0        0000
__Hbank1                    bank1        0000
__Hbank2                    bank2        0000
__Hbank3                    bank3        0000
__HbssBANK0                 bssBANK0     0000
__HbssCOMMON                bssCOMMON    0000
__Hcinit                    cinit        0039
__Hclrtext                  clrtext      0000
__Hcode                     code         0000
__Hcommon                   common       0000
__Hconfig                   config       2009
__HcstackBANK0              cstackBANK0  0000
__HcstackCOMMON             cstackCOMMON 0000
__HdataBANK0                dataBANK0    0000
__Heeprom_data              eeprom_data  0000
__Hend_init                 end_init     000F
__Hfunctab                  functab      0000
__HidataBANK0               idataBANK0   0000
__Hinit                     init         000C
__Hintentry                 intentry     000C
__Hmaintext                 maintext     0000
__Hpowerup                  powerup      0000
__Hram                      ram          0000
__Hreset_vec                reset_vec    0003
__Hsfr0                     sfr0         0000
__Hsfr1                     sfr1         0000
__Hsfr2                     sfr2         0000
__Hsfr3                     sfr3         0000
__Hspace_0                  (abs)        0708
__Hspace_1                  (abs)        007C
__Hspace_2                  (abs)        0000
__Hspace_3                  (abs)        0000
__Hspace_4                  (abs)        4010
__Hstack                    stack        0000
__Hstrings                  strings      0000
__Hstringtext               stringtext   0000
__Htext                     text         0000
__Labs1                     abs1         0000
__Lbank0                    bank0        0000
__Lbank1                    bank1        0000
__Lbank2                    bank2        0000
__Lbank3                    bank3        0000
__LbssBANK0                 bssBANK0     0000
__LbssCOMMON                bssCOMMON    0000
__Lcinit                    cinit        000F
__Lclrtext                  clrtext      0000
__Lcode                     code         0000
__Lcommon                   common       0000
__Lconfig                   config       0000
__LcstackBANK0              cstackBANK0  0000
__LcstackCOMMON             cstackCOMMON 0000
__LdataBANK0                dataBANK0    0000
__Leeprom_data              eeprom_data  0000
__Lend_init                 end_init     000C
__Lfunctab                  functab      0000
__LidataBANK0               idataBANK0   0000
__Linit                     init         000C
__Lintentry                 intentry     0004
__Lmaintext                 maintext     0000
__Lpowerup                  powerup      0000
__Lram                      ram          0000
__Lreset_vec                reset_vec    0000
__Lsfr0                     sfr0         0000
__Lsfr1                     sfr1         0000
__Lsfr2                     sfr2         0000
__Lsfr3                     sfr3         0000
__Lspace_0                  (abs)        0000
__Lspace_1                  (abs)        0000
__Lspace_2                  (abs)        0000
__Lspace_3                  (abs)        0000
__Lspace_4                  (abs)        0000
__Lstack                    stack        0000
__Lstrings                  strings      0000
__Lstringtext               stringtext   0000
__Ltext                     text         0000
__S0                        (abs)        0708
__S1                        (abs)        007C
__S2                        (abs)        0000
__S3                        (abs)        0000
___int_sp                   stack        0000
___latbits                  (abs)        0002
___sp                       stack        0000
___stackhi                  (abs)        0000
___stacklo                  (abs)        0000
__end_of_IOCB_interrupt     text10       054C
__end_of__initialization    cinit        0035
__end_of__stringtab         stringtext   0312
__end_of_config_int_enable  text8        06EF
__end_of_config_io          text7        0637
__end_of_config_iocb        text6        0704
__end_of_config_reloj       text5        06FE
__end_of_data               stringtext   0313
__end_of_isr                text9        05CE
__end_of_main               maintext     02C1
__end_of_setup              text4        06DE
__end_of_showString         text2        068C
__end_of_strlen             text3        06B0
__end_of_writeToEEPROM      text1        06C9
__initialization            cinit        000F
__pbssBANK0                 bssBANK0     0020
__pbssCOMMON                bssCOMMON    0077
__pcstackBANK0              cstackBANK0  0030
__pcstackCOMMON             cstackCOMMON 0070
__pdataBANK0                dataBANK0    003D
__pidataBANK0               idataBANK0   0704
__pintentry                 intentry     0004
__pmaintext                 maintext     0039
__pstringtext               stringtext   0300
__ptext1                    text1        06B0
__ptext10                   text10       04C5
__ptext2                    text2        0637
__ptext3                    text3        068C
__ptext4                    text4        06C9
__ptext5                    text5        06F7
__ptext6                    text6        06FE
__ptext7                    text7        05CE
__ptext8                    text8        06DE
__ptext9                    text9        054C
__size_of_IOCB_interrupt    (abs)        0000
__size_of_config_int_enable (abs)        0000
__size_of_config_io         (abs)        0000
__size_of_config_iocb       (abs)        0000
__size_of_config_reloj      (abs)        0000
__size_of_isr               (abs)        0000
__size_of_main              (abs)        0000
__size_of_setup             (abs)        0000
__size_of_showString        (abs)        0000
__size_of_strlen            (abs)        0000
__size_of_writeToEEPROM     (abs)        0000
__stringbase                stringtext   0312
__stringtab                 stringtext   0300
_addressEEPROM              dataBANK0    003D
_config_int_enable          text8        06DE
_config_io                  text7        05CE
_config_iocb                text6        06FE
_config_reloj               text5        06F7
_eepromVal                  bssBANK0     002B
_flag                       dataBANK0    003F
_flag2                      bssCOMMON    0079
_isr                        text9        054C
_main                       maintext     0039
_opcion                     bssBANK0     002F
_setup                      text4        06C9
_showString                 text2        0637
_strlen                     text3        068C
_valor_pot                  bssCOMMON    007B
_writeToEEPROM              text1        06B0
btemp                       (abs)        007E
clear_ram0                  clrtext      06EF
end_of_initialization       cinit        0035
interrupt_function          intentry     0004
intlevel0                   functab      0000
intlevel1                   functab      0000
intlevel2                   functab      0000
intlevel3                   functab      0000
intlevel4                   functab      0000
intlevel5                   functab      0000
reset_vec                   reset_vec    0000
saved_w                     (abs)        007E
showString@i                cstackBANK0  0039
showString@var              cstackBANK0  0034
start                       init         000C
start_initialization        cinit        000F
strlen@cp                   cstackBANK0  0032
strlen@s                    cstackBANK0  0030
writeToEEPROM@address       cstackBANK0  0032
writeToEEPROM@data          cstackBANK0  0030
wtemp0                      (abs)        007E


FUNCTION INFORMATION:

 *************** function _main *****************
 Defined at:
		line 91 in file "proyecto_final.c"
 Parameters:    Size  Location     Type
		None
 Auto vars:     Size  Location     Type
		None
 Return value:  Size  Location     Type
                  1    wreg      void 
 Registers used:
		wreg, fsr0l, fsr0h, status,2, status,0, btemp+1, pclath, cstack
 Tracked objects:
		On entry : 
		On exit  : 
		Unchanged: 
 Data sizes:     COMMON   BANK0   BANK1   BANK3   BANK2
      Params:         0       0       0       0       0
      Locals:         0       0       0       0       0
      Temps:          0       2       0       0       0
      Totals:         0       2       0       0       0
Total ram usage:        2 bytes
 Hardware stack levels required when called:    4
 This function calls:
		_setup
		_showString
		_writeToEEPROM
 This function is called by:
		Startup code after reset
 This function uses a non-reentrant model


 *************** function _writeToEEPROM *****************
 Defined at:
		line 304 in file "proyecto_final.c"
 Parameters:    Size  Location     Type
  data            2    0[BANK0 ] int 
  address         2    2[BANK0 ] int 
 Auto vars:     Size  Location     Type
		None
 Return value:  Size  Location     Type
                  1    wreg      void 
 Registers used:
		wreg
 Tracked objects:
		On entry : 
		On exit  : 
		Unchanged: 
 Data sizes:     COMMON   BANK0   BANK1   BANK3   BANK2
      Params:         0       4       0       0       0
      Locals:         0       0       0       0       0
      Temps:          0       0       0       0       0
      Totals:         0       4       0       0       0
Total ram usage:        4 bytes
 Hardware stack levels used:    1
 Hardware stack levels required when called:    2
 This function calls:
		Nothing
 This function is called by:
		_main
 This function uses a non-reentrant model


 *************** function _showString *****************
 Defined at:
		line 548 in file "proyecto_final.c"
 Parameters:    Size  Location     Type
  var             2    4[BANK0 ] PTR unsigned char 
		 -> STR_15(49), STR_14(39), STR_13(56), STR_12(45), 
		 -> STR_11(39), STR_10(45), STR_9(38), STR_8(30), 
		 -> STR_7(25), STR_6(18), STR_5(19), STR_4(19), 
		 -> STR_3(27), STR_2(30), STR_1(49), 
 Auto vars:     Size  Location     Type
  i               2    9[BANK0 ] int 
 Return value:  Size  Location     Type
                  1    wreg      void 
 Registers used:
		wreg, fsr0l, fsr0h, status,2, status,0, btemp+1, pclath, cstack
 Tracked objects:
		On entry : 
		On exit  : 
		Unchanged: 
 Data sizes:     COMMON   BANK0   BANK1   BANK3   BANK2
      Params:         0       2       0       0       0
      Locals:         0       2       0       0       0
      Temps:          0       3       0       0       0
      Totals:         0       7       0       0       0
Total ram usage:        7 bytes
 Hardware stack levels used:    1
 Hardware stack levels required when called:    3
 This function calls:
		_strlen
 This function is called by:
		_main
 This function uses a non-reentrant model


 *************** function _strlen *****************
 Defined at:
		line 4 in file "C:\Program Files\Microchip\xc8\v2.31\pic\sources\c90\common\strlen.c"
 Parameters:    Size  Location     Type
  s               2    0[BANK0 ] PTR const unsigned char 
		 -> STR_15(49), STR_14(39), STR_13(56), STR_12(45), 
		 -> STR_11(39), STR_10(45), STR_9(38), STR_8(30), 
		 -> STR_7(25), STR_6(18), STR_5(19), STR_4(19), 
		 -> STR_3(27), STR_2(30), STR_1(49), 
 Auto vars:     Size  Location     Type
  cp              2    2[BANK0 ] PTR const unsigned char 
		 -> STR_15(49), STR_14(39), STR_13(56), STR_12(45), 
		 -> STR_11(39), STR_10(45), STR_9(38), STR_8(30), 
		 -> STR_7(25), STR_6(18), STR_5(19), STR_4(19), 
		 -> STR_3(27), STR_2(30), STR_1(49), 
 Return value:  Size  Location     Type
                  2    0[BANK0 ] unsigned int 
 Registers used:
		wreg, fsr0l, fsr0h, status,2, status,0, btemp+1, pclath
 Tracked objects:
		On entry : 
		On exit  : 
		Unchanged: 
 Data sizes:     COMMON   BANK0   BANK1   BANK3   BANK2
      Params:         0       2       0       0       0
      Locals:         0       2       0       0       0
      Temps:          0       0       0       0       0
      Totals:         0       4       0       0       0
Total ram usage:        4 bytes
 Hardware stack levels used:    1
 Hardware stack levels required when called:    2
 This function calls:
		Nothing
 This function is called by:
		_showString
 This function uses a non-reentrant model


 *************** function _setup *****************
 Defined at:
		line 293 in file "proyecto_final.c"
 Parameters:    Size  Location     Type
		None
 Auto vars:     Size  Location     Type
		None
 Return value:  Size  Location     Type
                  1    wreg      void 
 Registers used:
		wreg, status,2, status,0, pclath, cstack
 Tracked objects:
		On entry : 
		On exit  : 
		Unchanged: 
 Data sizes:     COMMON   BANK0   BANK1   BANK3   BANK2
      Params:         0       0       0       0       0
      Locals:         0       0       0       0       0
      Temps:          0       0       0       0       0
      Totals:         0       0       0       0       0
Total ram usage:        0 bytes
 Hardware stack levels used:    1
 Hardware stack levels required when called:    3
 This function calls:
		_config_int_enable
		_config_io
		_config_iocb
		_config_reloj
 This function is called by:
		_main
 This function uses a non-reentrant model


 *************** function _config_reloj *****************
 Defined at:
		line 431 in file "proyecto_final.c"
 Parameters:    Size  Location     Type
		None
 Auto vars:     Size  Location     Type
		None
 Return value:  Size  Location     Type
                  1    wreg      void 
 Registers used:
		None
 Tracked objects:
		On entry : 
		On exit  : 
		Unchanged: 
 Data sizes:     COMMON   BANK0   BANK1   BANK3   BANK2
      Params:         0       0       0       0       0
      Locals:         0       0       0       0       0
      Temps:          0       0       0       0       0
      Totals:         0       0       0       0       0
Total ram usage:        0 bytes
 Hardware stack levels used:    1
 Hardware stack levels required when called:    2
 This function calls:
		Nothing
 This function is called by:
		_setup
 This function uses a non-reentrant model


 *************** function _config_iocb *****************
 Defined at:
		line 538 in file "proyecto_final.c"
 Parameters:    Size  Location     Type
		None
 Auto vars:     Size  Location     Type
		None
 Return value:  Size  Location     Type
                  1    wreg      void 
 Registers used:
		wreg
 Tracked objects:
		On entry : 
		On exit  : 
		Unchanged: 
 Data sizes:     COMMON   BANK0   BANK1   BANK3   BANK2
      Params:         0       0       0       0       0
      Locals:         0       0       0       0       0
      Temps:          0       0       0       0       0
      Totals:         0       0       0       0       0
Total ram usage:        0 bytes
 Hardware stack levels used:    1
 Hardware stack levels required when called:    2
 This function calls:
		Nothing
 This function is called by:
		_setup
 This function uses a non-reentrant model


 *************** function _config_io *****************
 Defined at:
		line 441 in file "proyecto_final.c"
 Parameters:    Size  Location     Type
		None
 Auto vars:     Size  Location     Type
		None
 Return value:  Size  Location     Type
                  1    wreg      void 
 Registers used:
		wreg, status,2, status,0
 Tracked objects:
		On entry : 
		On exit  : 
		Unchanged: 
 Data sizes:     COMMON   BANK0   BANK1   BANK3   BANK2
      Params:         0       0       0       0       0
      Locals:         0       0       0       0       0
      Temps:          0       1       0       0       0
      Totals:         0       1       0       0       0
Total ram usage:        1 bytes
 Hardware stack levels used:    1
 Hardware stack levels required when called:    2
 This function calls:
		Nothing
 This function is called by:
		_setup
 This function uses a non-reentrant model


 *************** function _config_int_enable *****************
 Defined at:
		line 519 in file "proyecto_final.c"
 Parameters:    Size  Location     Type
		None
 Auto vars:     Size  Location     Type
		None
 Return value:  Size  Location     Type
                  1    wreg      void 
 Registers used:
		None
 Tracked objects:
		On entry : 
		On exit  : 
		Unchanged: 
 Data sizes:     COMMON   BANK0   BANK1   BANK3   BANK2
      Params:         0       0       0       0       0
      Locals:         0       0       0       0       0
      Temps:          0       0       0       0       0
      Totals:         0       0       0       0       0
Total ram usage:        0 bytes
 Hardware stack levels used:    1
 Hardware stack levels required when called:    2
 This function calls:
		Nothing
 This function is called by:
		_setup
 This function uses a non-reentrant model


 *************** function _isr *****************
 Defined at:
		line 340 in file "proyecto_final.c"
 Parameters:    Size  Location     Type
		None
 Auto vars:     Size  Location     Type
		None
 Return value:  Size  Location     Type
                  1    wreg      void 
 Registers used:
		wreg, status,2, status,0, pclath, cstack
 Tracked objects:
		On entry : 
		On exit  : 
		Unchanged: 
 Data sizes:     COMMON   BANK0   BANK1   BANK3   BANK2
      Params:         0       0       0       0       0
      Locals:         0       0       0       0       0
      Temps:          4       0       0       0       0
      Totals:         4       0       0       0       0
Total ram usage:        4 bytes
 Hardware stack levels used:    1
 Hardware stack levels required when called:    1
 This function calls:
		_IOCB_interrupt
 This function is called by:
		Interrupt level 1
 This function uses a non-reentrant model


 *************** function _IOCB_interrupt *****************
 Defined at:
		line 375 in file "proyecto_final.c"
 Parameters:    Size  Location     Type
		None
 Auto vars:     Size  Location     Type
		None
 Return value:  Size  Location     Type
                  1    wreg      void 
 Registers used:
		wreg, status,2, status,0
 Tracked objects:
		On entry : 
		On exit  : 
		Unchanged: 
 Data sizes:     COMMON   BANK0   BANK1   BANK3   BANK2
      Params:         0       0       0       0       0
      Locals:         0       0       0       0       0
      Temps:          3       0       0       0       0
      Totals:         3       0       0       0       0
Total ram usage:        3 bytes
 Hardware stack levels used:    1
 This function calls:
		Nothing
 This function is called by:
		_isr
 This function uses a non-reentrant model



MODULE INFORMATION

Module		Function		Class		Link	Load	Size
proyecto_final.c
		_writeToEEPROM 		CODE           	06B0	0000	25
		_config_int_enable		CODE           	06DE	0000	17
		_showString    		CODE           	0637	0000	85
		_main          		CODE           	0039	0000	648
		_IOCB_interrupt		CODE           	04C5	0000	135
		_isr           		CODE           	054C	0000	130
		_setup         		CODE           	06C9	0000	21
		_config_io     		CODE           	05CE	0000	105
		_config_iocb   		CODE           	06FE	0000	6
		_config_reloj  		CODE           	06F7	0000	7

proyecto_final.c estimated size: 1179

shared
		__stringtab    		STRCODE        	0300	0000	18
		__initialization		CODE           	000F	0000	38
		_data          		STRCODE        	0000	0000	0

shared estimated size: 56

C:\Program Files\Microchip\xc8\v2.31\pic\sources\c90\common\strlen.c
		_strlen        		CODE           	068C	0000	36

C:\Program Files\Microchip\xc8\v2.31\pic\sources\c90\common\strlen.c estimated size: 36

